{"level":"info","message":"http://localhost:4000","service":"user-service"}
{"level":"info","message":"http://localhost:4000","service":"user-service"}
{"level":"info","message":"http://localhost:4000","service":"user-service"}
{"level":"info","message":"http://localhost:4000","service":"user-service"}
{"level":"info","message":"http://localhost:4000","service":"user-service"}
{"level":"info","message":"http://localhost:4000","service":"user-service"}
{"level":"info","message":"http://localhost:4000","service":"user-service"}
{"level":"info","message":"http://localhost:4000","service":"user-service"}
{"level":"info","message":"http://localhost:4000","service":"user-service"}
{"level":"info","message":"http://localhost:4000","service":"user-service"}
{"level":"info","message":"http://localhost:4000","service":"user-service"}
{"level":"info","message":"http://localhost:4000","service":"user-service"}
{"level":"info","message":"http://localhost:4000","service":"user-service"}
{"level":"info","message":"http://localhost:4000","service":"user-service"}
{"level":"info","message":"http://localhost:4000","service":"user-service"}
{"level":"info","message":"http://localhost:4000","service":"user-service"}
{"level":"info","message":"http://localhost:4000","service":"user-service"}
{"level":"info","message":"http://localhost:4000","service":"user-service"}
{"level":"info","message":"http://localhost:4000","service":"user-service"}
{"level":"info","message":"http://localhost:4000","service":"user-service"}
{"level":"info","message":"http://localhost:4000","service":"user-service"}
{"level":"info","message":"http://localhost:4000","service":"user-service"}
{"level":"info","message":"http://localhost:4000","service":"user-service"}
{"level":"info","message":"http://localhost:4000","service":"user-service"}
{"level":"info","message":"http://localhost:4000","service":"user-service"}
{"level":"info","message":"http://localhost:4000","service":"user-service"}
{"level":"info","message":"http://localhost:4000","service":"user-service"}
{"level":"info","message":"http://localhost:4000","service":"user-service"}
{"level":"info","message":"http://localhost:4000","service":"user-service"}
{"level":"info","message":"http://localhost:4000","service":"user-service"}
{"level":"info","message":"http://localhost:4000","service":"user-service"}
{"level":"info","message":"http://localhost:4000","service":"user-service"}
{"level":"info","message":"http://localhost:4000","service":"user-service"}
{"level":"info","message":"http://localhost:4000","service":"user-service"}
{"level":"info","message":"http://localhost:4000","service":"user-service"}
{"level":"info","message":"http://localhost:4000","service":"user-service"}
{"level":"info","message":"http://localhost:4000","service":"user-service"}
{"level":"info","message":"http://localhost:4000","service":"user-service"}
{"level":"info","message":"http://localhost:4000","service":"user-service"}
{"level":"info","message":"http://localhost:4000","service":"user-service"}
{"level":"info","message":"http://localhost:4000","service":"user-service"}
{"level":"info","message":"http://localhost:4000","service":"user-service"}
{"level":"info","message":"http://localhost:4000","service":"user-service"}
{"level":"info","message":"http://localhost:4000","service":"user-service"}
{"level":"info","message":"http://localhost:4000","service":"user-service"}
{"level":"info","message":"http://localhost:4000","service":"user-service"}
{"level":"info","message":"http://localhost:4000","service":"user-service"}
{"level":"info","message":"http://localhost:4000","service":"user-service"}
{"level":"info","message":"http://localhost:4000","service":"user-service"}
{"level":"info","message":"http://localhost:4000","service":"user-service"}
{"level":"info","message":"http://localhost:4000","service":"user-service"}
{"level":"info","message":"http://localhost:4000","service":"user-service"}
{"level":"info","message":"http://localhost:4000","service":"user-service"}
{"level":"info","message":"http://localhost:4000","service":"user-service"}
{"level":"info","message":"http://localhost:4000","service":"user-service"}
{"level":"info","message":"http://localhost:4000","service":"user-service"}
{"level":"info","message":"http://localhost:4000","service":"user-service"}
{"level":"info","message":"http://localhost:4000","service":"user-service"}
{"level":"info","message":"http://localhost:4000","service":"user-service"}
{"level":"info","message":"http://localhost:4000","service":"user-service"}
{"level":"info","message":"http://localhost:4000","service":"user-service"}
{"level":"info","message":"http://localhost:4000","service":"user-service"}
{"level":"info","message":"http://localhost:4000","service":"user-service"}
{"level":"info","message":"http://localhost:4000","service":"user-service"}
{"level":"info","message":"http://localhost:4000","service":"user-service"}
{"level":"info","message":"http://localhost:4000","service":"user-service"}
{"level":"info","message":"http://localhost:4000","service":"user-service"}
{"level":"info","message":"http://localhost:4000","service":"user-service"}
{"level":"info","message":"http://localhost:4000","service":"user-service"}
{"level":"info","message":"http://localhost:4000","service":"user-service"}
{"level":"info","message":"http://localhost:4000","service":"user-service"}
{"level":"info","message":"http://localhost:4000","service":"user-service"}
{"level":"info","message":"http://localhost:4000","service":"user-service"}
{"level":"info","message":"http://localhost:4000","service":"user-service"}
{"level":"info","message":"http://localhost:4000","service":"user-service"}
{"level":"info","message":"http://localhost:4000","service":"user-service"}
{"level":"info","message":"http://localhost:4000","service":"user-service"}
{"level":"info","message":"http://localhost:4000","service":"user-service"}
{"level":"info","message":"http://localhost:4000","service":"user-service"}
{"level":"info","message":"http://localhost:4000","service":"user-service"}
{"level":"info","message":"http://localhost:4000","service":"user-service"}
{"level":"info","message":"http://localhost:4000","service":"user-service"}
{"level":"info","message":"http://localhost:4000","service":"user-service"}
{"level":"info","message":"http://localhost:4000","service":"user-service"}
{"level":"info","message":"http://localhost:4000","service":"user-service"}
{"level":"info","message":"http://localhost:4000","service":"user-service"}
{"level":"info","message":"http://localhost:4000","service":"user-service"}
{"level":"info","message":"http://localhost:4000","service":"user-service"}
{"level":"info","message":"http://localhost:4000","service":"user-service"}
{"level":"info","message":"http://localhost:4000","service":"user-service"}
{"level":"info","message":"http://localhost:4000","service":"user-service"}
{"level":"info","message":"http://localhost:4000","service":"user-service"}
{"level":"info","message":"http://localhost:4000","service":"user-service"}
{"level":"info","message":"http://localhost:4000","service":"user-service"}
{"level":"info","message":"http://localhost:4000","service":"user-service"}
{"level":"info","message":"http://localhost:4000","service":"user-service"}
{"level":"info","message":"http://localhost:4000","service":"user-service"}
{"level":"info","message":"http://localhost:4000","service":"user-service"}
{"level":"info","message":"http://localhost:4000","service":"user-service"}
{"level":"info","message":"http://localhost:4000","service":"user-service"}
{"level":"info","message":"http://localhost:4000","service":"user-service"}
{"level":"info","message":"http://localhost:4000","service":"user-service"}
{"level":"info","message":"http://localhost:4000","service":"user-service"}
{"level":"info","message":"http://localhost:4000","service":"user-service"}
{"level":"info","message":"http://localhost:4000","service":"user-service"}
{"level":"info","message":"http://localhost:4000","service":"user-service"}
{"level":"info","message":"http://localhost:4000","service":"user-service"}
{"level":"info","message":"http://localhost:4000","service":"user-service"}
{"level":"info","message":"http://localhost:4000","service":"user-service"}
{"level":"info","message":"http://localhost:4000","service":"user-service"}
{"level":"info","message":"http://localhost:4000","service":"user-service"}
{"level":"info","message":"http://localhost:4000","service":"user-service"}
{"level":"info","message":"http://localhost:4000","service":"user-service"}
{"level":"info","message":"http://localhost:4000","service":"user-service"}
{"level":"info","message":"http://localhost:4000","service":"user-service"}
{"level":"info","message":"http://localhost:4000","service":"user-service"}
{"level":"info","message":"http://localhost:4000","service":"user-service"}
{"level":"info","message":"http://localhost:4000","service":"user-service"}
{"level":"info","message":"http://localhost:4000","service":"user-service"}
{"level":"info","message":"http://localhost:4000","service":"user-service"}
{"level":"info","message":"http://localhost:4000","service":"user-service"}
{"level":"info","message":"http://localhost:4000","service":"user-service"}
{"level":"info","message":"http://localhost:4000","service":"user-service"}
{"level":"info","message":"http://localhost:4000","service":"user-service"}
{"level":"info","message":"http://localhost:4000","service":"user-service"}
{"level":"info","message":"http://localhost:4000","service":"user-service"}
{"level":"info","message":"http://localhost:4000","service":"user-service"}
{"level":"info","message":"http://localhost:4000","service":"user-service"}
{"level":"info","message":"http://localhost:4000","service":"user-service"}
{"level":"info","message":"http://localhost:4000","service":"user-service"}
{"level":"info","message":"http://localhost:4000","service":"user-service"}
{"level":"info","message":"http://localhost:4000","service":"user-service"}
{"level":"info","message":"http://localhost:4000","service":"user-service"}
{"level":"info","message":"http://localhost:4000","service":"user-service"}
{"level":"info","message":"http://localhost:4000","service":"user-service"}
{"level":"info","message":"http://localhost:4000","service":"user-service"}
{"level":"info","message":"http://localhost:4000","service":"user-service"}
{"level":"info","message":"http://localhost:4000","service":"user-service"}
{"level":"info","message":"http://localhost:4000","service":"user-service"}
{"level":"info","message":"http://localhost:4000","service":"user-service"}
{"level":"info","message":"http://localhost:4000","service":"user-service"}
{"level":"info","message":"http://localhost:4000","service":"user-service"}
{"level":"info","message":"http://localhost:4000","service":"user-service"}
{"level":"info","message":"http://localhost:4000","service":"user-service"}
{"level":"info","message":"http://localhost:4000","service":"user-service"}
{"level":"info","message":"http://localhost:4000","service":"user-service"}
{"level":"info","message":"http://localhost:4000","service":"user-service"}
{"level":"info","message":"http://localhost:4000","service":"user-service"}
{"level":"info","message":"http://localhost:4000","service":"user-service"}
{"level":"info","message":"http://localhost:4000","service":"user-service"}
{"level":"info","message":"http://localhost:4000","service":"user-service"}
{"level":"info","message":"http://localhost:4000","service":"user-service"}
{"level":"info","message":"http://localhost:4000","service":"user-service"}
{"level":"info","message":"http://localhost:4000","service":"user-service"}
{"level":"info","message":"http://localhost:4000","service":"user-service"}
{"level":"info","message":"힙메모리 사이즈","service":"user-service"}
{"level":"info","message":"http://localhost:4000","service":"user-service"}
{"level":"info","message":"힙메모리 사이즈","service":"user-service"}
{"level":"info","message":"http://localhost:4000","service":"user-service"}
{"level":"info","message":"힙메모리 사이즈","service":"user-service"}
{"level":"info","message":"http://localhost:4000","service":"user-service"}
{"level":"info","message":"힙메모리 사이즈","service":"user-service"}
{"level":"info","message":"http://localhost:4000","service":"user-service"}
{"level":"info","message":"힙메모리 사이즈","service":"user-service"}
{"level":"info","message":"http://localhost:4000","service":"user-service"}
{"level":"info","message":"힙메모리 사이즈","service":"user-service"}
{"level":"info","message":"http://localhost:4000","service":"user-service"}
{"level":"info","message":40415232,"service":"user-service"}
{"level":"info","message":"http://localhost:4000","service":"user-service"}
{"level":"info","message":40394752,"service":"user-service"}
{"level":"info","message":"http://localhost:4000","service":"user-service"}
{"level":"info","message":40529920,"service":"user-service"}
{"level":"info","message":"http://localhost:4000","service":"user-service"}
{"level":"info","message":40382464,"service":"user-service"}
{"level":"info","message":"http://localhost:4000","service":"user-service"}
{"level":"info","message":41979904,"service":"user-service"}
{"level":"info","message":"http://localhost:4000","service":"user-service"}
{"level":"info","message":40222720,"service":"user-service"}
{"level":"info","message":"http://localhost:4000","service":"user-service"}
{"level":"info","message":40386560,"service":"user-service"}
{"level":"info","message":"http://localhost:4000","service":"user-service"}
{"level":"info","message":40370176,"service":"user-service"}
{"level":"info","message":"http://localhost:4000","service":"user-service"}
{"level":"info","message":40546304,"service":"user-service"}
{"level":"info","message":"http://localhost:4000","service":"user-service"}
{"level":"info","message":40599552,"service":"user-service"}
{"level":"info","message":"http://localhost:4000","service":"user-service"}
{"level":"info","message":"42279658061824.0000","service":"user-service"}
{"level":"info","message":"http://localhost:4000","service":"user-service"}
{"level":"info","message":"42374147342336.0000","service":"user-service"}
{"level":"info","message":"http://localhost:4000","service":"user-service"}
{"level":"info","message":"40267776.0000","service":"user-service"}
{"level":"info","message":"http://localhost:4000","service":"user-service"}
{"level":"info","message":"40374272.0000","service":"user-service"}
{"level":"info","message":"http://localhost:4000","service":"user-service"}
{"level":"info","message":"38.5273","service":"user-service"}
{"level":"info","message":"http://localhost:4000","service":"user-service"}
{"level":"info","message":"38.4883,\n  +\"힙메모리 사이즈\"","service":"user-service"}
{"level":"info","message":"http://localhost:4000","service":"user-service"}
{"level":"info","message":"38.5078,\n  +\"힙메모리 사이즈","service":"user-service"}
{"level":"info","message":"http://localhost:4000","service":"user-service"}
{"level":"info","message":"38.6211,\n   힙메모리 사이즈","service":"user-service"}
{"level":"info","message":"http://localhost:4000","service":"user-service"}
{"level":"info","message":"38.7188,\n   힙메모리 사이즈","service":"user-service"}
{"level":"info","message":"http://localhost:4000","service":"user-service"}
{"level":"info","message":"39.7734, 힙메모리 사이즈","service":"user-service"}
{"level":"info","message":"http://localhost:4000","service":"user-service"}
{"level":"info","message":"38.6992, 힙메모리 사이즈","service":"user-service"}
{"level":"info","message":"http://localhost:4000","service":"user-service"}
{"level":"info","message":"38.5391, 힙메모리 사이즈","service":"user-service"}
{"level":"info","message":"http://localhost:4000","service":"user-service"}
{"level":"info","message":"38.7891, 힙메모리 사이즈","service":"user-service"}
{"level":"info","message":"http://localhost:4000","service":"user-service"}
{"level":"info","message":"38.5156, 힙메모리 사이즈","service":"user-service"}
{"level":"info","message":"http://localhost:4000","service":"user-service"}
{"level":"info","message":"38.3828, 힙메모리 사이즈","service":"user-service"}
{"level":"info","message":"38.6172, 힙메모리 사이즈","service":"user-service"}
{"level":"info","message":"http://localhost:4000","service":"user-service"}
{"level":"info","message":"38.5117, 힙메모리 사이즈","service":"user-service"}
{"level":"info","message":"http://localhost:4000","service":"user-service"}
{"level":"info","message":"38.6602, 힙메모리 사이즈","service":"user-service"}
{"level":"info","message":"http://localhost:4000","service":"user-service"}
{"level":"info","message":"38.4883, 힙메모리 사이즈","service":"user-service"}
{"level":"info","message":"http://localhost:4000","service":"user-service"}
{"level":"info","message":"38.4141, 힙메모리 사이즈","service":"user-service"}
{"level":"info","message":"http://localhost:4000","service":"user-service"}
{"level":"info","message":"38.5625, 힙메모리 사이즈","service":"user-service"}
{"level":"info","message":"http://localhost:4000","service":"user-service"}
{"level":"info","message":"38.5117, 힙메모리 사이즈","service":"user-service"}
{"level":"info","message":"http://localhost:4000","service":"user-service"}
{"level":"info","message":"38.3750, 힙메모리 사이즈","service":"user-service"}
{"level":"info","message":"http://localhost:4000","service":"user-service"}
{"level":"info","message":"38.4023, 힙메모리 사이즈","service":"user-service"}
{"level":"info","message":"http://localhost:4000","service":"user-service"}
{"level":"info","message":"38.5234, 힙메모리 사이즈","service":"user-service"}
{"level":"info","message":"http://localhost:4000","service":"user-service"}
{"level":"info","message":"38.5000, 힙메모리 사이즈","service":"user-service"}
{"level":"info","message":"http://localhost:4000","service":"user-service"}
{"level":"info","message":"38.7070, 힙메모리 사이즈","service":"user-service"}
{"level":"info","message":"http://localhost:4000","service":"user-service"}
{"level":"info","message":"38.5391, 힙메모리 사이즈","service":"user-service"}
{"level":"info","message":"http://localhost:4000","service":"user-service"}
{"level":"info","message":"38.4727, 힙메모리 사이즈","service":"user-service"}
{"level":"info","message":"http://localhost:4000","service":"user-service"}
{"level":"info","message":"38.5000, 힙메모리 사이즈","service":"user-service"}
{"level":"info","message":"http://localhost:4000","service":"user-service"}
{"level":"info","message":"38.6328, 힙메모리 사이즈","service":"user-service"}
{"level":"info","message":"http://localhost:4000","service":"user-service"}
{"level":"info","message":"38.5430, 힙메모리 사이즈","service":"user-service"}
{"level":"info","message":"http://localhost:4000","service":"user-service"}
{"level":"info","message":"38.6484, 힙메모리 사이즈","service":"user-service"}
{"level":"info","message":"http://localhost:4000","service":"user-service"}
{"level":"info","message":"38.7188, 힙메모리 사이즈","service":"user-service"}
{"level":"info","message":"http://localhost:4000","service":"user-service"}
{"level":"info","message":"38.6719, 힙메모리 사이즈","service":"user-service"}
{"level":"info","message":"http://localhost:4000","service":"user-service"}
{"level":"info","message":"38.6211, 힙메모리 사이즈","service":"user-service"}
{"level":"info","message":"http://localhost:4000","service":"user-service"}
{"level":"info","message":"38.5078, 힙메모리 사이즈","service":"user-service"}
{"level":"info","message":"http://localhost:4000","service":"user-service"}
{"level":"info","message":"39.8672, 힙메모리 사이즈","service":"user-service"}
{"level":"info","message":"http://localhost:4000","service":"user-service"}
{"level":"info","message":"36.0156, 힙메모리 사이즈","service":"user-service"}
{"level":"info","message":"http://localhost:4000","service":"user-service"}
{"level":"info","message":"36.0195, 힙메모리 사이즈","service":"user-service"}
{"level":"info","message":"http://localhost:4000","service":"user-service"}
{"level":"info","message":"36.0742, 힙메모리 사이즈","service":"user-service"}
{"level":"info","message":"http://localhost:4000","service":"user-service"}
{"level":"info","message":"36.1563, 힙메모리 사이즈","service":"user-service"}
{"level":"info","message":"http://localhost:4000","service":"user-service"}
{"level":"info","message":"35.9922, 힙메모리 사이즈","service":"user-service"}
{"level":"info","message":"http://localhost:4000","service":"user-service"}
{"level":"info","message":"35.9648, 힙메모리 사이즈","service":"user-service"}
{"level":"info","message":"http://localhost:4000","service":"user-service"}
{"level":"info","message":"36.0547, 힙메모리 사이즈","service":"user-service"}
{"level":"info","message":"http://localhost:4000","service":"user-service"}
{"level":"info","message":"36.1953, 힙메모리 사이즈","service":"user-service"}
{"level":"info","message":"http://localhost:4000","service":"user-service"}
{"level":"info","message":"36.0195, 힙메모리 사이즈","service":"user-service"}
{"level":"info","message":"http://localhost:4000","service":"user-service"}
{"level":"info","message":"36.1250, 힙메모리 사이즈","service":"user-service"}
{"level":"info","message":"http://localhost:4000","service":"user-service"}
{"level":"info","message":"36.0703, 힙메모리 사이즈","service":"user-service"}
{"level":"info","message":"http://localhost:4000","service":"user-service"}
{"level":"info","message":"35.9219, 힙메모리 사이즈","service":"user-service"}
{"level":"info","message":"http://localhost:4000","service":"user-service"}
{"level":"info","message":"36.3516, 힙메모리 사이즈","service":"user-service"}
{"level":"info","message":"http://localhost:4000","service":"user-service"}
{"level":"info","message":"35.9375, 힙메모리 사이즈","service":"user-service"}
{"level":"info","message":"http://localhost:4000","service":"user-service"}
{"level":"info","message":"36.0391, 힙메모리 사이즈","service":"user-service"}
{"level":"info","message":"http://localhost:4000","service":"user-service"}
{"level":"info","message":"36.0586, 힙메모리 사이즈","service":"user-service"}
{"level":"info","message":"http://localhost:4000","service":"user-service"}
{"level":"info","message":"36.1172, 힙메모리 사이즈","service":"user-service"}
{"level":"info","message":"http://localhost:4000","service":"user-service"}
{"level":"info","message":"36.0508, 힙메모리 사이즈","service":"user-service"}
{"level":"info","message":"http://localhost:4000","service":"user-service"}
{"level":"info","message":"36.0195, 힙메모리 사이즈","service":"user-service"}
{"level":"info","message":"http://localhost:4000","service":"user-service"}
{"level":"info","message":"36.0000, 힙메모리 사이즈","service":"user-service"}
{"level":"info","message":"http://localhost:4000","service":"user-service"}
{"level":"info","message":"35.9297, 힙메모리 사이즈","service":"user-service"}
{"level":"info","message":"http://localhost:4000","service":"user-service"}
{"level":"info","message":"36.1094, 힙메모리 사이즈","service":"user-service"}
{"level":"info","message":"http://localhost:4000","service":"user-service"}
{"level":"info","message":"36.0234, 힙메모리 사이즈","service":"user-service"}
{"level":"info","message":"http://localhost:4000","service":"user-service"}
{"level":"info","message":"36.0234, 힙메모리 사이즈","service":"user-service"}
{"level":"info","message":"http://localhost:4000","service":"user-service"}
{"level":"info","message":"35.9844, 힙메모리 사이즈","service":"user-service"}
{"level":"info","message":"http://localhost:4000","service":"user-service"}
{"level":"info","message":"36.0859, 힙메모리 사이즈","service":"user-service"}
{"level":"info","message":"http://localhost:4000","service":"user-service"}
{"level":"info","message":"36.1211, 힙메모리 사이즈","service":"user-service"}
{"level":"info","message":"http://localhost:4000","service":"user-service"}
{"level":"info","message":"35.9688, 힙메모리 사이즈","service":"user-service"}
{"level":"info","message":"http://localhost:4000","service":"user-service"}
{"level":"info","message":"36.1523, 힙메모리 사이즈","service":"user-service"}
{"level":"info","message":"http://localhost:4000","service":"user-service"}
{"level":"info","message":"36.0156, 힙메모리 사이즈","service":"user-service"}
{"level":"info","message":"http://localhost:4000","service":"user-service"}
{"level":"info","message":"35.9414, 힙메모리 사이즈","service":"user-service"}
{"level":"info","message":"http://localhost:4000","service":"user-service"}
{"level":"info","message":"36.0547, 힙메모리 사이즈","service":"user-service"}
{"level":"info","message":"http://localhost:4000","service":"user-service"}
{"level":"info","message":"35.7852, 힙메모리 사이즈","service":"user-service"}
{"level":"info","message":"http://localhost:4000","service":"user-service"}
{"level":"info","message":"36.0078, 힙메모리 사이즈","service":"user-service"}
{"level":"info","message":"http://localhost:4000","service":"user-service"}
{"level":"info","message":"36.1133, 힙메모리 사이즈","service":"user-service"}
{"level":"info","message":"http://localhost:4000","service":"user-service"}
{"level":"info","message":"36.1836, 힙메모리 사이즈","service":"user-service"}
{"level":"info","message":"http://localhost:4000","service":"user-service"}
{"level":"info","message":"35.7422, 힙메모리 사이즈","service":"user-service"}
{"level":"info","message":"http://localhost:4000","service":"user-service"}
{"level":"info","message":"35.9336, 힙메모리 사이즈","service":"user-service"}
{"level":"info","message":"http://localhost:4000","service":"user-service"}
{"level":"info","message":"36.0430, 힙메모리 사이즈","service":"user-service"}
{"level":"info","message":"http://localhost:4000","service":"user-service"}
{"level":"info","message":"36.2109, 힙메모리 사이즈","service":"user-service"}
{"level":"info","message":"http://localhost:4000","service":"user-service"}
{"level":"info","message":"36.1055, 힙메모리 사이즈","service":"user-service"}
{"level":"info","message":"http://localhost:4000","service":"user-service"}
{"level":"info","message":"35.9648, 힙메모리 사이즈","service":"user-service"}
{"level":"info","message":"http://localhost:4000","service":"user-service"}
{"level":"info","message":"36.1094, 힙메모리 사이즈","service":"user-service"}
{"level":"info","message":"http://localhost:4000","service":"user-service"}
{"level":"info","message":"36.0273, 힙메모리 사이즈","service":"user-service"}
{"level":"info","message":"http://localhost:4000","service":"user-service"}
{"level":"info","message":"36.0547, 힙메모리 사이즈","service":"user-service"}
{"level":"info","message":"http://localhost:4000","service":"user-service"}
{"level":"info","message":"36.0898, 힙메모리 사이즈","service":"user-service"}
{"level":"info","message":"http://localhost:4000","service":"user-service"}
{"level":"info","message":"35.9180, 힙메모리 사이즈","service":"user-service"}
{"level":"info","message":"http://localhost:4000","service":"user-service"}
{"level":"info","message":"36.1289, 힙메모리 사이즈","service":"user-service"}
{"level":"info","message":"http://localhost:4000","service":"user-service"}
{"level":"info","message":"36.0469, 힙메모리 사이즈","service":"user-service"}
{"level":"info","message":"http://localhost:4000","service":"user-service"}
{"level":"info","message":"36.2305, 힙메모리 사이즈","service":"user-service"}
{"level":"info","message":"http://localhost:4000","service":"user-service"}
{"level":"info","message":"36.3047, 힙메모리 사이즈","service":"user-service"}
{"level":"info","message":"http://localhost:4000","service":"user-service"}
{"level":"info","message":"35.9453, 힙메모리 사이즈","service":"user-service"}
{"level":"info","message":"http://localhost:4000","service":"user-service"}
{"level":"info","message":"36.0000, 힙메모리 사이즈","service":"user-service"}
{"level":"info","message":"http://localhost:4000","service":"user-service"}
{"level":"info","message":"35.9883, 힙메모리 사이즈","service":"user-service"}
{"level":"info","message":"http://localhost:4000","service":"user-service"}
{"level":"info","message":"36.1875, 힙메모리 사이즈","service":"user-service"}
{"level":"info","message":"http://localhost:4000","service":"user-service"}
{"level":"info","message":"35.9414, 힙메모리 사이즈","service":"user-service"}
{"level":"info","message":"http://localhost:4000","service":"user-service"}
{"level":"info","message":"36.0820, 힙메모리 사이즈","service":"user-service"}
{"level":"info","message":"http://localhost:4000","service":"user-service"}
{"level":"info","message":"36.0273, 힙메모리 사이즈","service":"user-service"}
{"level":"info","message":"http://localhost:4000","service":"user-service"}
{"level":"info","message":"35.9648, 힙메모리 사이즈","service":"user-service"}
{"level":"info","message":"http://localhost:4000","service":"user-service"}
{"level":"info","message":"36.2578, 힙메모리 사이즈","service":"user-service"}
{"level":"info","message":"http://localhost:4000","service":"user-service"}
{"level":"info","message":"36.0781, 힙메모리 사이즈","service":"user-service"}
{"level":"info","message":"http://localhost:4000","service":"user-service"}
{"level":"info","message":"36.1758, 힙메모리 사이즈","service":"user-service"}
{"level":"info","message":"http://localhost:4000","service":"user-service"}
{"level":"info","message":"36.2734, 힙메모리 사이즈","service":"user-service"}
{"level":"info","message":"http://localhost:4000","service":"user-service"}
{"level":"info","message":"49.6016, 힙메모리 사이즈","service":"user-service"}
{"level":"info","message":"http://localhost:4000","service":"user-service"}
{"level":"info","message":"49.4922, 힙메모리 사이즈","service":"user-service"}
{"level":"info","message":"http://localhost:4000","service":"user-service"}
{"level":"info","message":"49.7617, 힙메모리 사이즈","service":"user-service"}
{"level":"info","message":"http://localhost:4000","service":"user-service"}
{"level":"info","message":"49.7891, 힙메모리 사이즈","service":"user-service"}
{"level":"info","message":"http://localhost:4000","service":"user-service"}
{"level":"info","message":"49.2930, 힙메모리 사이즈","service":"user-service"}
{"level":"info","message":"http://localhost:4000","service":"user-service"}
{"level":"info","message":"49.2578, 힙메모리 사이즈","service":"user-service"}
{"level":"info","message":"http://localhost:4000","service":"user-service"}
{"level":"info","message":"48.9570, 힙메모리 사이즈","service":"user-service"}
{"level":"info","message":"http://localhost:4000","service":"user-service"}
{"level":"info","message":"48.9844, 힙메모리 사이즈","service":"user-service"}
{"level":"info","message":"http://localhost:4000","service":"user-service"}
{"level":"info","message":"49.0898, 힙메모리 사이즈","service":"user-service"}
{"level":"info","message":"http://localhost:4000","service":"user-service"}
{"level":"info","message":"49.0234, 힙메모리 사이즈","service":"user-service"}
{"level":"info","message":"http://localhost:4000","service":"user-service"}
{"level":"info","message":"49.5234, 힙메모리 사이즈","service":"user-service"}
{"level":"info","message":"http://localhost:4000","service":"user-service"}
{"level":"info","message":"49.5977, 힙메모리 사이즈","service":"user-service"}
{"level":"info","message":"http://localhost:4000","service":"user-service"}
{"level":"info","message":"49.3984, 힙메모리 사이즈","service":"user-service"}
{"level":"info","message":"http://localhost:4000","service":"user-service"}
{"level":"info","message":"49.4688, 힙메모리 사이즈","service":"user-service"}
{"level":"info","message":"http://localhost:4000","service":"user-service"}
{"level":"info","message":"49.2109, 힙메모리 사이즈","service":"user-service"}
{"level":"info","message":"http://localhost:4000","service":"user-service"}
{"level":"info","message":"49.2695, 힙메모리 사이즈","service":"user-service"}
{"level":"info","message":"http://localhost:4000","service":"user-service"}
{"level":"info","message":"49.3906, 힙메모리 사이즈","service":"user-service"}
{"level":"info","message":"http://localhost:4000","service":"user-service"}
{"level":"info","message":"49.5703, 힙메모리 사이즈","service":"user-service"}
{"level":"info","message":"http://localhost:4000","service":"user-service"}
{"level":"info","message":"49.2813, 힙메모리 사이즈","service":"user-service"}
{"level":"info","message":"http://localhost:4000","service":"user-service"}
{"level":"info","message":"49.4414, 힙메모리 사이즈","service":"user-service"}
{"level":"info","message":"http://localhost:4000","service":"user-service"}
{"level":"info","message":"49.8281, 힙메모리 사이즈","service":"user-service"}
{"level":"info","message":"http://localhost:4000","service":"user-service"}
{"level":"info","message":"49.3086, 힙메모리 사이즈","service":"user-service"}
{"level":"info","message":"http://localhost:4000","service":"user-service"}
{"level":"info","message":"49.4102, 힙메모리 사이즈","service":"user-service"}
{"level":"info","message":"http://localhost:4000","service":"user-service"}
{"level":"info","message":"49.4609, 힙메모리 사이즈","service":"user-service"}
{"level":"info","message":"http://localhost:4000","service":"user-service"}
{"level":"info","message":"49.4453, 힙메모리 사이즈","service":"user-service"}
{"level":"info","message":"http://localhost:4000","service":"user-service"}
{"level":"info","message":"49.4453, 힙메모리 사이즈","service":"user-service"}
{"level":"info","message":"http://localhost:4000","service":"user-service"}
{"level":"info","message":"49.3594, 힙메모리 사이즈","service":"user-service"}
{"level":"info","message":"http://localhost:4000","service":"user-service"}
{"level":"info","message":"49.7383, 힙메모리 사이즈","service":"user-service"}
{"level":"info","message":"http://localhost:4000","service":"user-service"}
{"level":"info","message":"49.2344, 힙메모리 사이즈","service":"user-service"}
{"level":"info","message":"http://localhost:4000","service":"user-service"}
{"level":"info","message":"50.9688, 힙메모리 사이즈","service":"user-service"}
{"level":"info","message":"http://localhost:4000","service":"user-service"}
{"level":"info","message":"50.9922, 힙메모리 사이즈","service":"user-service"}
{"level":"info","message":"http://localhost:4000","service":"user-service"}
{"level":"info","message":"51.1172, 힙메모리 사이즈","service":"user-service"}
{"level":"info","message":"http://localhost:4000","service":"user-service"}
{"level":"info","message":"50.7695, 힙메모리 사이즈","service":"user-service"}
{"level":"info","message":"http://localhost:4000","service":"user-service"}
{"level":"info","message":"50.7383, 힙메모리 사이즈","service":"user-service"}
{"level":"info","message":"http://localhost:4000","service":"user-service"}
{"level":"info","message":"51.2734, 힙메모리 사이즈","service":"user-service"}
{"level":"info","message":"http://localhost:4000","service":"user-service"}
{"level":"info","message":"51.0391, 힙메모리 사이즈","service":"user-service"}
{"level":"info","message":"http://localhost:4000","service":"user-service"}
{"level":"info","message":"51.0273, 힙메모리 사이즈","service":"user-service"}
{"level":"info","message":"http://localhost:4000","service":"user-service"}
{"level":"info","message":"50.9063, 힙메모리 사이즈","service":"user-service"}
{"level":"info","message":"http://localhost:4000","service":"user-service"}
{"level":"info","message":"50.9844, 힙메모리 사이즈","service":"user-service"}
{"level":"info","message":"http://localhost:4000","service":"user-service"}
{"level":"info","message":"50.9492, 힙메모리 사이즈","service":"user-service"}
{"level":"info","message":"http://localhost:4000","service":"user-service"}
{"level":"info","message":"50.8320, 힙메모리 사이즈","service":"user-service"}
{"level":"info","message":"http://localhost:4000","service":"user-service"}
{"level":"info","message":"50.7734, 힙메모리 사이즈","service":"user-service"}
{"level":"info","message":"http://localhost:4000","service":"user-service"}
{"level":"info","message":"50.8828, 힙메모리 사이즈","service":"user-service"}
{"level":"info","message":"http://localhost:4000","service":"user-service"}
{"level":"info","message":"50.8672, 힙메모리 사이즈","service":"user-service"}
{"level":"info","message":"http://localhost:4000","service":"user-service"}
{"level":"info","message":"51.2109, 힙메모리 사이즈","service":"user-service"}
{"level":"info","message":"http://localhost:4000","service":"user-service"}
{"level":"info","message":"50.7695, 힙메모리 사이즈","service":"user-service"}
{"level":"info","message":"http://localhost:4000","service":"user-service"}
{"level":"info","message":"50.5820, 힙메모리 사이즈","service":"user-service"}
{"level":"info","message":"http://localhost:4000","service":"user-service"}
{"level":"info","message":"50.8945, 힙메모리 사이즈","service":"user-service"}
{"level":"info","message":"http://localhost:4000","service":"user-service"}
{"level":"info","message":"50.7734, 힙메모리 사이즈","service":"user-service"}
{"level":"info","message":"http://localhost:4000","service":"user-service"}
{"level":"info","message":"50.7891, 힙메모리 사이즈","service":"user-service"}
{"level":"info","message":"http://localhost:4000","service":"user-service"}
{"level":"info","message":"50.6797, 힙메모리 사이즈","service":"user-service"}
{"level":"info","message":"http://localhost:4000","service":"user-service"}
{"level":"info","message":"50.6797, 힙메모리 사이즈","service":"user-service"}
{"level":"info","message":"http://localhost:4000","service":"user-service"}
{"level":"info","message":"50.7148, 힙메모리 사이즈","service":"user-service"}
{"level":"info","message":"http://localhost:4000","service":"user-service"}
{"level":"info","message":"51.0859, 힙메모리 사이즈","service":"user-service"}
{"level":"info","message":"http://localhost:4000","service":"user-service"}
{"level":"info","message":"50.9102, 힙메모리 사이즈","service":"user-service"}
{"level":"info","message":"http://localhost:4000","service":"user-service"}
{"level":"info","message":"50.8633, 힙메모리 사이즈","service":"user-service"}
{"level":"info","message":"http://localhost:4000","service":"user-service"}
{"level":"info","message":"50.9766, 힙메모리 사이즈","service":"user-service"}
{"level":"info","message":"http://localhost:4000","service":"user-service"}
{"level":"info","message":"50.8750, 힙메모리 사이즈","service":"user-service"}
{"level":"info","message":"http://localhost:4000","service":"user-service"}
{"level":"info","message":"50.7617, 힙메모리 사이즈","service":"user-service"}
{"level":"info","message":"http://localhost:4000","service":"user-service"}
{"level":"info","message":"50.9609, 힙메모리 사이즈","service":"user-service"}
{"level":"info","message":"http://localhost:4000","service":"user-service"}
{"level":"info","message":"50.6328, 힙메모리 사이즈","service":"user-service"}
{"level":"info","message":"http://localhost:4000","service":"user-service"}
{"level":"info","message":"50.4375, 힙메모리 사이즈","service":"user-service"}
{"level":"info","message":"http://localhost:4000","service":"user-service"}
{"level":"info","message":"51.0859, 힙메모리 사이즈","service":"user-service"}
{"level":"info","message":"http://localhost:4000","service":"user-service"}
{"level":"info","message":"50.6094, 힙메모리 사이즈","service":"user-service"}
{"level":"info","message":"http://localhost:4000","service":"user-service"}
{"level":"info","message":"51.1992, 힙메모리 사이즈","service":"user-service"}
{"level":"info","message":"http://localhost:4000","service":"user-service"}
{"level":"info","message":"51.1289, 힙메모리 사이즈","service":"user-service"}
{"level":"info","message":"http://localhost:4000","service":"user-service"}
{"level":"info","message":"50.5000, 힙메모리 사이즈","service":"user-service"}
{"level":"info","message":"http://localhost:4000","service":"user-service"}
{"level":"info","message":"51.3320, 힙메모리 사이즈","service":"user-service"}
{"level":"info","message":"http://localhost:4000","service":"user-service"}
{"level":"info","message":"50.7734, 힙메모리 사이즈","service":"user-service"}
{"level":"info","message":"http://localhost:4000","service":"user-service"}
{"level":"info","message":"51.0781, 힙메모리 사이즈","service":"user-service"}
{"level":"info","message":"http://localhost:4000","service":"user-service"}
{"level":"info","message":"50.8867, 힙메모리 사이즈","service":"user-service"}
{"level":"info","message":"http://localhost:4000","service":"user-service"}
{"level":"info","message":"51.0859, 힙메모리 사이즈","service":"user-service"}
{"level":"info","message":"http://localhost:4000","service":"user-service"}
{"level":"info","message":"51.2617, 힙메모리 사이즈","service":"user-service"}
{"level":"info","message":"http://localhost:4000","service":"user-service"}
{"level":"info","message":"50.7930, 힙메모리 사이즈","service":"user-service"}
{"level":"info","message":"http://localhost:4000","service":"user-service"}
{"level":"info","message":"50.6289, 힙메모리 사이즈","service":"user-service"}
{"level":"info","message":"http://localhost:4000","service":"user-service"}
{"level":"info","message":"50.7305, 힙메모리 사이즈","service":"user-service"}
{"level":"info","message":"http://localhost:4000","service":"user-service"}
{"level":"info","message":"50.7813, 힙메모리 사이즈","service":"user-service"}
{"level":"info","message":"http://localhost:4000","service":"user-service"}
{"level":"info","message":"50.4258, 힙메모리 사이즈","service":"user-service"}
{"level":"info","message":"http://localhost:4000","service":"user-service"}
{"level":"info","message":"51.9883, 힙메모리 사이즈","service":"user-service"}
{"level":"info","message":"http://localhost:4000","service":"user-service"}
{"level":"info","message":"50.8125, 힙메모리 사이즈","service":"user-service"}
{"level":"info","message":"http://localhost:4000","service":"user-service"}
{"level":"info","message":"50.5156, 힙메모리 사이즈","service":"user-service"}
{"level":"info","message":"http://localhost:4000","service":"user-service"}
{"level":"info","message":"50.3750, 힙메모리 사이즈","service":"user-service"}
{"level":"info","message":"http://localhost:4000","service":"user-service"}
{"level":"info","message":"50.6445, 힙메모리 사이즈","service":"user-service"}
{"level":"info","message":"http://localhost:4000","service":"user-service"}
{"level":"info","message":"50.9766, 힙메모리 사이즈","service":"user-service"}
{"level":"info","message":"http://localhost:4000","service":"user-service"}
{"level":"info","message":"51.2852, 힙메모리 사이즈","service":"user-service"}
{"level":"info","message":"http://localhost:4000","service":"user-service"}
{"level":"info","message":"50.8711, 힙메모리 사이즈","service":"user-service"}
{"level":"info","message":"http://localhost:4000","service":"user-service"}
{"level":"info","message":"50.7539, 힙메모리 사이즈","service":"user-service"}
{"level":"info","message":"http://localhost:4000","service":"user-service"}
{"level":"info","message":"51.1055, 힙메모리 사이즈","service":"user-service"}
{"level":"info","message":"http://localhost:4000","service":"user-service"}
{"level":"info","message":"50.8203, 힙메모리 사이즈","service":"user-service"}
{"level":"info","message":"http://localhost:4000","service":"user-service"}
{"level":"info","message":"51.3945, 힙메모리 사이즈","service":"user-service"}
{"level":"info","message":"http://localhost:4000","service":"user-service"}
{"level":"info","message":"50.9063, 힙메모리 사이즈","service":"user-service"}
{"level":"info","message":"http://localhost:4000","service":"user-service"}
{"level":"info","message":"50.8008, 힙메모리 사이즈","service":"user-service"}
{"level":"info","message":"http://localhost:4000","service":"user-service"}
{"level":"info","message":"50.9414, 힙메모리 사이즈","service":"user-service"}
{"level":"info","message":"http://localhost:4000","service":"user-service"}
{"level":"info","message":"51.1172, 힙메모리 사이즈","service":"user-service"}
{"level":"info","message":"http://localhost:4000","service":"user-service"}
{"level":"info","message":"50.6133, 힙메모리 사이즈","service":"user-service"}
{"level":"info","message":"http://localhost:4000","service":"user-service"}
{"level":"info","message":"51.1211, 힙메모리 사이즈","service":"user-service"}
{"level":"info","message":"http://localhost:4000","service":"user-service"}
{"level":"info","message":"51.1523, 힙메모리 사이즈","service":"user-service"}
{"level":"info","message":"http://localhost:4000","service":"user-service"}
{"level":"info","message":"50.5977, 힙메모리 사이즈","service":"user-service"}
{"level":"info","message":"http://localhost:4000","service":"user-service"}
{"level":"info","message":"50.7422, 힙메모리 사이즈","service":"user-service"}
{"level":"info","message":"http://localhost:4000","service":"user-service"}
{"level":"info","message":"50.6094, 힙메모리 사이즈","service":"user-service"}
{"level":"info","message":"http://localhost:4000","service":"user-service"}
{"level":"info","message":"51.1875, 힙메모리 사이즈","service":"user-service"}
{"level":"info","message":"http://localhost:4000","service":"user-service"}
{"level":"info","message":"51.2188, 힙메모리 사이즈","service":"user-service"}
{"level":"info","message":"http://localhost:4000","service":"user-service"}
{"level":"info","message":"50.8516, 힙메모리 사이즈","service":"user-service"}
{"level":"info","message":"http://localhost:4000","service":"user-service"}
{"level":"info","message":"50.9922, 힙메모리 사이즈","service":"user-service"}
{"level":"info","message":"http://localhost:4000","service":"user-service"}
{"level":"info","message":"50.8711, 힙메모리 사이즈","service":"user-service"}
{"level":"info","message":"http://localhost:4000","service":"user-service"}
{"level":"info","message":"50.8477, 힙메모리 사이즈","service":"user-service"}
{"level":"info","message":"http://localhost:4000","service":"user-service"}
{"level":"info","message":"51.0586, 힙메모리 사이즈","service":"user-service"}
{"level":"info","message":"http://localhost:4000","service":"user-service"}
{"level":"info","message":"50.6602, 힙메모리 사이즈","service":"user-service"}
{"level":"info","message":"http://localhost:4000","service":"user-service"}
{"level":"info","message":"50.9141, 힙메모리 사이즈","service":"user-service"}
{"level":"info","message":"http://localhost:4000","service":"user-service"}
{"level":"info","message":"50.8164, 힙메모리 사이즈","service":"user-service"}
{"level":"info","message":"http://localhost:4000","service":"user-service"}
{"level":"info","message":"50.8086, 힙메모리 사이즈","service":"user-service"}
{"level":"info","message":"http://localhost:4000","service":"user-service"}
{"level":"info","message":"50.7109, 힙메모리 사이즈","service":"user-service"}
{"level":"info","message":"http://localhost:4000","service":"user-service"}
{"level":"info","message":"50.8398, 힙메모리 사이즈","service":"user-service"}
{"level":"info","message":"http://localhost:4000","service":"user-service"}
{"level":"info","message":"50.6406, 힙메모리 사이즈","service":"user-service"}
{"level":"info","message":"http://localhost:4000","service":"user-service"}
{"level":"info","message":"50.8945, 힙메모리 사이즈","service":"user-service"}
{"level":"info","message":"http://localhost:4000","service":"user-service"}
{"level":"info","message":"50.4648, 힙메모리 사이즈","service":"user-service"}
{"level":"info","message":"http://localhost:4000","service":"user-service"}
{"level":"info","message":"50.8359, 힙메모리 사이즈","service":"user-service"}
{"level":"info","message":"http://localhost:4000","service":"user-service"}
{"level":"info","message":"51.0078, 힙메모리 사이즈","service":"user-service"}
{"level":"info","message":"http://localhost:4000","service":"user-service"}
{"level":"info","message":"51.1914, 힙메모리 사이즈","service":"user-service"}
{"level":"info","message":"http://localhost:4000","service":"user-service"}
{"level":"info","message":"50.8438, 힙메모리 사이즈","service":"user-service"}
{"level":"info","message":"http://localhost:4000","service":"user-service"}
{"level":"info","message":"51.2539, 힙메모리 사이즈","service":"user-service"}
{"level":"info","message":"http://localhost:4000","service":"user-service"}
{"level":"info","message":"50.3984, 힙메모리 사이즈","service":"user-service"}
{"level":"info","message":"http://localhost:4000","service":"user-service"}
{"level":"info","message":"50.8242, 힙메모리 사이즈","service":"user-service"}
{"level":"info","message":"http://localhost:4000","service":"user-service"}
{"level":"info","message":"50.8867, 힙메모리 사이즈","service":"user-service"}
{"level":"info","message":"http://localhost:4000","service":"user-service"}
{"level":"info","message":"51.3359, 힙메모리 사이즈","service":"user-service"}
{"level":"info","message":"http://localhost:4000","service":"user-service"}
{"level":"info","message":"50.7539, 힙메모리 사이즈","service":"user-service"}
{"level":"info","message":"http://localhost:4000","service":"user-service"}
{"level":"info","message":"50.6055, 힙메모리 사이즈","service":"user-service"}
{"level":"info","message":"http://localhost:4000","service":"user-service"}
{"level":"info","message":"50.8984, 힙메모리 사이즈","service":"user-service"}
{"level":"info","message":"http://localhost:4000","service":"user-service"}
{"level":"info","message":"50.9727, 힙메모리 사이즈","service":"user-service"}
{"level":"info","message":"http://localhost:4000","service":"user-service"}
{"level":"info","message":"50.6172, 힙메모리 사이즈","service":"user-service"}
{"level":"info","message":"http://localhost:4000","service":"user-service"}
{"level":"info","message":"50.3906, 힙메모리 사이즈","service":"user-service"}
{"level":"info","message":"http://localhost:4000","service":"user-service"}
{"level":"info","message":"50.9063, 힙메모리 사이즈","service":"user-service"}
{"level":"info","message":"http://localhost:4000","service":"user-service"}
{"level":"info","message":"50.8008, 힙메모리 사이즈","service":"user-service"}
{"level":"info","message":"http://localhost:4000","service":"user-service"}
{"level":"info","message":"51.1250, 힙메모리 사이즈","service":"user-service"}
{"level":"info","message":"http://localhost:4000","service":"user-service"}
{"level":"info","message":"51.2305, 힙메모리 사이즈","service":"user-service"}
{"level":"info","message":"http://localhost:4000","service":"user-service"}
{"level":"info","message":"50.7734, 힙메모리 사이즈","service":"user-service"}
{"level":"info","message":"http://localhost:4000","service":"user-service"}
{"level":"info","message":"51.3320, 힙메모리 사이즈","service":"user-service"}
{"level":"info","message":"http://localhost:4000","service":"user-service"}
{"level":"info","message":"50.9609, 힙메모리 사이즈","service":"user-service"}
{"level":"info","message":"http://localhost:4000","service":"user-service"}
{"level":"info","message":"50.6016, 힙메모리 사이즈","service":"user-service"}
{"level":"info","message":"http://localhost:4000","service":"user-service"}
{"level":"info","message":"50.3242, 힙메모리 사이즈","service":"user-service"}
{"level":"info","message":"http://localhost:4000","service":"user-service"}
{"level":"info","message":"50.9531, 힙메모리 사이즈","service":"user-service"}
{"level":"info","message":"http://localhost:4000","service":"user-service"}
{"level":"info","message":"50.6406, 힙메모리 사이즈","service":"user-service"}
{"level":"info","message":"http://localhost:4000","service":"user-service"}
{"level":"info","message":"50.5859, 힙메모리 사이즈","service":"user-service"}
{"level":"info","message":"http://localhost:4000","service":"user-service"}
{"level":"info","message":"50.8320, 힙메모리 사이즈","service":"user-service"}
{"level":"info","message":"http://localhost:4000","service":"user-service"}
{"level":"info","message":"50.6719, 힙메모리 사이즈","service":"user-service"}
{"level":"info","message":"http://localhost:4000","service":"user-service"}
{"level":"info","message":"50.8359, 힙메모리 사이즈","service":"user-service"}
{"level":"info","message":"http://localhost:4000","service":"user-service"}
{"level":"info","message":"50.8672, 힙메모리 사이즈","service":"user-service"}
{"level":"info","message":"http://localhost:4000","service":"user-service"}
{"level":"info","message":"50.2344, 힙메모리 사이즈","service":"user-service"}
{"level":"info","message":"http://localhost:4000","service":"user-service"}
{"level":"info","message":"50.9688, 힙메모리 사이즈","service":"user-service"}
{"level":"info","message":"http://localhost:4000","service":"user-service"}
{"level":"info","message":"50.8438, 힙메모리 사이즈","service":"user-service"}
{"level":"info","message":"http://localhost:4000","service":"user-service"}
{"level":"info","message":"50.5898, 힙메모리 사이즈","service":"user-service"}
{"level":"info","message":"http://localhost:4000","service":"user-service"}
{"level":"info","message":"50.8047, 힙메모리 사이즈","service":"user-service"}
{"level":"info","message":"http://localhost:4000","service":"user-service"}
{"level":"info","message":"50.7266, 힙메모리 사이즈","service":"user-service"}
{"level":"info","message":"http://localhost:4000","service":"user-service"}
{"level":"info","message":"50.7969, 힙메모리 사이즈","service":"user-service"}
{"level":"info","message":"http://localhost:4000","service":"user-service"}
{"level":"info","message":"50.6836, 힙메모리 사이즈","service":"user-service"}
{"level":"info","message":"http://localhost:4000","service":"user-service"}
{"level":"info","message":"50.7422, 힙메모리 사이즈","service":"user-service"}
{"level":"info","message":"http://localhost:4000","service":"user-service"}
{"level":"info","message":"50.9844, 힙메모리 사이즈","service":"user-service"}
{"level":"info","message":"http://localhost:4000","service":"user-service"}
{"level":"info","message":"50.6484, 힙메모리 사이즈","service":"user-service"}
{"level":"info","message":"http://localhost:4000","service":"user-service"}
{"level":"info","message":"50.7578, 힙메모리 사이즈","service":"user-service"}
{"level":"info","message":"http://localhost:4000","service":"user-service"}
{"level":"info","message":"50.5547, 힙메모리 사이즈","service":"user-service"}
{"level":"info","message":"http://localhost:4000","service":"user-service"}
{"level":"info","message":"50.6797, 힙메모리 사이즈","service":"user-service"}
{"level":"info","message":"http://localhost:4000","service":"user-service"}
{"level":"info","message":"51.0977, 힙메모리 사이즈","service":"user-service"}
{"level":"info","message":"http://localhost:4000","service":"user-service"}
{"level":"info","message":"50.8281, 힙메모리 사이즈","service":"user-service"}
{"level":"info","message":"http://localhost:4000","service":"user-service"}
{"level":"info","message":"50.6563, 힙메모리 사이즈","service":"user-service"}
{"level":"info","message":"http://localhost:4000","service":"user-service"}
{"level":"info","message":"50.6602, 힙메모리 사이즈","service":"user-service"}
{"level":"info","message":"http://localhost:4000","service":"user-service"}
{"level":"info","message":"50.5781, 힙메모리 사이즈","service":"user-service"}
{"level":"info","message":"http://localhost:4000","service":"user-service"}
{"level":"info","message":"50.7852, 힙메모리 사이즈","service":"user-service"}
{"level":"info","message":"http://localhost:4000","service":"user-service"}
{"level":"info","message":"50.8789, 힙메모리 사이즈","service":"user-service"}
{"level":"info","message":"http://localhost:4000","service":"user-service"}
{"level":"info","message":"50.6484, 힙메모리 사이즈","service":"user-service"}
{"level":"info","message":"http://localhost:4000","service":"user-service"}
{"level":"info","message":"50.7930, 힙메모리 사이즈","service":"user-service"}
{"level":"info","message":"http://localhost:4000","service":"user-service"}
{"level":"info","message":"50.9609, 힙메모리 사이즈","service":"user-service"}
{"level":"info","message":"http://localhost:4000","service":"user-service"}
{"level":"info","message":"50.4336, 힙메모리 사이즈","service":"user-service"}
{"level":"info","message":"http://localhost:4000","service":"user-service"}
{"level":"info","message":"50.2695, 힙메모리 사이즈","service":"user-service"}
{"level":"info","message":"http://localhost:4000","service":"user-service"}
{"level":"info","message":"51.0977, 힙메모리 사이즈","service":"user-service"}
{"level":"info","message":"http://localhost:4000","service":"user-service"}
{"level":"info","message":"50.8438, 힙메모리 사이즈","service":"user-service"}
{"level":"info","message":"http://localhost:4000","service":"user-service"}
{"level":"info","message":"50.8125, 힙메모리 사이즈","service":"user-service"}
{"level":"info","message":"http://localhost:4000","service":"user-service"}
{"level":"info","message":"51.1523, 힙메모리 사이즈","service":"user-service"}
{"level":"info","message":"http://localhost:4000","service":"user-service"}
{"level":"info","message":"50.9766, 힙메모리 사이즈","service":"user-service"}
{"level":"info","message":"http://localhost:4000","service":"user-service"}
{"level":"info","message":"57.0195, 힙메모리 사이즈","service":"user-service"}
{"level":"info","message":"http://localhost:4000","service":"user-service"}
{"level":"info","message":"54.5391, 힙메모리 사이즈","service":"user-service"}
{"level":"info","message":"http://localhost:4000","service":"user-service"}
{"level":"info","message":"54.7188, 힙메모리 사이즈","service":"user-service"}
{"level":"info","message":"http://localhost:4000","service":"user-service"}
{"level":"info","message":"55.4453, 힙메모리 사이즈","service":"user-service"}
{"level":"info","message":"http://localhost:4000","service":"user-service"}
{"level":"info","message":"55.3672, 힙메모리 사이즈","service":"user-service"}
{"level":"info","message":"http://localhost:4000","service":"user-service"}
{"level":"info","message":"55.2305, 힙메모리 사이즈","service":"user-service"}
{"level":"info","message":"http://localhost:4000","service":"user-service"}
{"level":"info","message":"55.2383, 힙메모리 사이즈","service":"user-service"}
{"level":"info","message":"http://localhost:4000","service":"user-service"}
{"level":"info","message":"55.1563, 힙메모리 사이즈","service":"user-service"}
{"level":"info","message":"http://localhost:4000","service":"user-service"}
{"level":"info","message":"55.0586, 힙메모리 사이즈","service":"user-service"}
{"level":"info","message":"http://localhost:4000","service":"user-service"}
{"level":"info","message":"55.2461, 힙메모리 사이즈","service":"user-service"}
{"level":"info","message":"http://localhost:4000","service":"user-service"}
{"level":"info","message":"55.1680, 힙메모리 사이즈","service":"user-service"}
{"level":"info","message":"http://localhost:4000","service":"user-service"}
{"level":"info","message":"55.3164, 힙메모리 사이즈","service":"user-service"}
{"level":"info","message":"http://localhost:4000","service":"user-service"}
{"level":"info","message":"54.9414, 힙메모리 사이즈","service":"user-service"}
{"level":"info","message":"http://localhost:4000","service":"user-service"}
{"level":"info","message":"54.9922, 힙메모리 사이즈","service":"user-service"}
{"level":"info","message":"http://localhost:4000","service":"user-service"}
{"level":"info","message":"54.8750, 힙메모리 사이즈","service":"user-service"}
{"level":"info","message":"http://localhost:4000","service":"user-service"}
{"level":"info","message":"55.2383, 힙메모리 사이즈","service":"user-service"}
{"level":"info","message":"http://localhost:4000","service":"user-service"}
{"level":"info","message":"55.1289, 힙메모리 사이즈","service":"user-service"}
{"level":"info","message":"http://localhost:4000","service":"user-service"}
{"level":"info","message":"55.2266, 힙메모리 사이즈","service":"user-service"}
{"level":"info","message":"http://localhost:4000","service":"user-service"}
{"level":"info","message":"54.9375, 힙메모리 사이즈","service":"user-service"}
{"level":"info","message":"http://localhost:4000","service":"user-service"}
{"level":"info","message":"55.3750, 힙메모리 사이즈","service":"user-service"}
{"level":"info","message":"http://localhost:4000","service":"user-service"}
{"level":"info","message":"54.9453, 힙메모리 사이즈","service":"user-service"}
{"level":"info","message":"http://localhost:4000","service":"user-service"}
{"level":"info","message":"54.9766, 힙메모리 사이즈","service":"user-service"}
{"level":"info","message":"http://localhost:4000","service":"user-service"}
{"level":"info","message":"55.2656, 힙메모리 사이즈","service":"user-service"}
{"level":"info","message":"http://localhost:4000","service":"user-service"}
{"level":"info","message":"54.9414, 힙메모리 사이즈","service":"user-service"}
{"level":"info","message":"http://localhost:4000","service":"user-service"}
{"level":"info","message":"55.1250, 힙메모리 사이즈","service":"user-service"}
{"level":"info","message":"http://localhost:4000","service":"user-service"}
{"level":"info","message":"55.0547, 힙메모리 사이즈","service":"user-service"}
{"level":"info","message":"http://localhost:4000","service":"user-service"}
{"level":"info","message":"55.2070, 힙메모리 사이즈","service":"user-service"}
{"level":"info","message":"http://localhost:4000","service":"user-service"}
{"level":"info","message":"55.1523, 힙메모리 사이즈","service":"user-service"}
{"level":"info","message":"http://localhost:4000","service":"user-service"}
{"level":"info","message":"55.2656, 힙메모리 사이즈","service":"user-service"}
{"level":"info","message":"http://localhost:4000","service":"user-service"}
{"level":"info","message":"55.3008, 힙메모리 사이즈","service":"user-service"}
{"level":"info","message":"http://localhost:4000","service":"user-service"}
{"level":"info","message":"55.0586, 힙메모리 사이즈","service":"user-service"}
{"level":"info","message":"http://localhost:4000","service":"user-service"}
{"level":"info","message":"55.0156, 힙메모리 사이즈","service":"user-service"}
{"level":"info","message":"http://localhost:4000","service":"user-service"}
{"level":"info","message":"54.9961, 힙메모리 사이즈","service":"user-service"}
{"level":"info","message":"http://localhost:4000","service":"user-service"}
{"level":"info","message":"55.3086, 힙메모리 사이즈","service":"user-service"}
{"level":"info","message":"http://localhost:4000","service":"user-service"}
{"level":"info","message":"54.9297, 힙메모리 사이즈","service":"user-service"}
{"level":"info","message":"http://localhost:4000","service":"user-service"}
{"level":"info","message":"54.9414, 힙메모리 사이즈","service":"user-service"}
{"level":"info","message":"http://localhost:4000","service":"user-service"}
{"level":"info","message":"55.0195, 힙메모리 사이즈","service":"user-service"}
{"level":"info","message":"http://localhost:4000","service":"user-service"}
{"level":"info","message":"55.1367, 힙메모리 사이즈","service":"user-service"}
{"level":"info","message":"http://localhost:4000","service":"user-service"}
{"level":"info","message":"55.1758, 힙메모리 사이즈","service":"user-service"}
{"level":"info","message":"http://localhost:4000","service":"user-service"}
{"level":"info","message":"55.0234, 힙메모리 사이즈","service":"user-service"}
{"level":"info","message":"http://localhost:4000","service":"user-service"}
{"level":"info","message":"55.2070, 힙메모리 사이즈","service":"user-service"}
{"level":"info","message":"http://localhost:4000","service":"user-service"}
{"level":"info","message":"55.0234, 힙메모리 사이즈","service":"user-service"}
{"level":"info","message":"http://localhost:4000","service":"user-service"}
{"level":"info","message":"54.9219, 힙메모리 사이즈","service":"user-service"}
{"level":"info","message":"http://localhost:4000","service":"user-service"}
{"level":"info","message":"55.0234, 힙메모리 사이즈","service":"user-service"}
{"level":"info","message":"http://localhost:4000","service":"user-service"}
{"level":"info","message":"54.9258, 힙메모리 사이즈","service":"user-service"}
{"level":"info","message":"http://localhost:4000","service":"user-service"}
{"level":"info","message":"55.1641, 힙메모리 사이즈","service":"user-service"}
{"level":"info","message":"http://localhost:4000","service":"user-service"}
{"level":"info","message":"55.1328, 힙메모리 사이즈","service":"user-service"}
{"level":"info","message":"http://localhost:4000","service":"user-service"}
{"level":"info","message":"55.1641, 힙메모리 사이즈","service":"user-service"}
{"level":"info","message":"http://localhost:4000","service":"user-service"}
{"level":"info","message":"55.0781, 힙메모리 사이즈","service":"user-service"}
{"level":"info","message":"http://localhost:4000","service":"user-service"}
{"level":"info","message":"55.4023, 힙메모리 사이즈","service":"user-service"}
{"level":"info","message":"http://localhost:4000","service":"user-service"}
{"level":"info","message":"55.0742, 힙메모리 사이즈","service":"user-service"}
{"level":"info","message":"http://localhost:4000","service":"user-service"}
{"level":"info","message":"55.4844, 힙메모리 사이즈","service":"user-service"}
{"level":"info","message":"http://localhost:4000","service":"user-service"}
{"level":"info","message":"55.2539, 힙메모리 사이즈","service":"user-service"}
{"level":"info","message":"http://localhost:4000","service":"user-service"}
{"level":"info","message":"54.6328, 힙메모리 사이즈","service":"user-service"}
{"level":"info","message":"http://localhost:4000","service":"user-service"}
{"level":"info","message":"55.1758, 힙메모리 사이즈","service":"user-service"}
{"level":"info","message":"http://localhost:4000","service":"user-service"}
{"level":"info","message":"54.5859, 힙메모리 사이즈","service":"user-service"}
{"level":"info","message":"http://localhost:4000","service":"user-service"}
{"level":"info","message":"54.9531, 힙메모리 사이즈","service":"user-service"}
{"level":"info","message":"http://localhost:4000","service":"user-service"}
{"level":"info","message":"55.1016, 힙메모리 사이즈","service":"user-service"}
{"level":"info","message":"http://localhost:4000","service":"user-service"}
{"level":"info","message":"55.1914, 힙메모리 사이즈","service":"user-service"}
{"level":"info","message":"http://localhost:4000","service":"user-service"}
{"level":"info","message":"55.2930, 힙메모리 사이즈","service":"user-service"}
{"level":"info","message":"http://localhost:4000","service":"user-service"}
{"level":"info","message":"55.1953, 힙메모리 사이즈","service":"user-service"}
{"level":"info","message":"http://localhost:4000","service":"user-service"}
{"level":"info","message":"55.7305, 힙메모리 사이즈","service":"user-service"}
{"level":"info","message":"http://localhost:4000","service":"user-service"}
{"level":"info","message":"55.0547, 힙메모리 사이즈","service":"user-service"}
{"level":"info","message":"http://localhost:4000","service":"user-service"}
{"level":"info","message":"55.3203, 힙메모리 사이즈","service":"user-service"}
{"level":"info","message":"http://localhost:4000","service":"user-service"}
{"level":"info","message":"54.8789, 힙메모리 사이즈","service":"user-service"}
{"level":"info","message":"http://localhost:4000","service":"user-service"}
{"level":"info","message":"55.4023, 힙메모리 사이즈","service":"user-service"}
{"level":"info","message":"http://localhost:4000","service":"user-service"}
{"level":"info","message":"55.0391, 힙메모리 사이즈","service":"user-service"}
{"level":"info","message":"http://localhost:4000","service":"user-service"}
{"level":"info","message":"55.0586, 힙메모리 사이즈","service":"user-service"}
{"level":"info","message":"http://localhost:4000","service":"user-service"}
{"level":"info","message":"55.0625, 힙메모리 사이즈","service":"user-service"}
{"level":"info","message":"http://localhost:4000","service":"user-service"}
{"level":"info","message":"55.4492, 힙메모리 사이즈","service":"user-service"}
{"level":"info","message":"http://localhost:4000","service":"user-service"}
{"level":"info","message":"55.1445, 힙메모리 사이즈","service":"user-service"}
{"level":"info","message":"http://localhost:4000","service":"user-service"}
{"level":"info","message":"55.6016, 힙메모리 사이즈","service":"user-service"}
{"level":"info","message":"http://localhost:4000","service":"user-service"}
{"level":"info","message":"54.9336, 힙메모리 사이즈","service":"user-service"}
{"level":"info","message":"http://localhost:4000","service":"user-service"}
{"level":"info","message":"55.1172, 힙메모리 사이즈","service":"user-service"}
{"level":"info","message":"http://localhost:4000","service":"user-service"}
{"level":"info","message":"55.4219, 힙메모리 사이즈","service":"user-service"}
{"level":"info","message":"http://localhost:4000","service":"user-service"}
{"level":"info","message":"55.4180, 힙메모리 사이즈","service":"user-service"}
{"level":"info","message":"http://localhost:4000","service":"user-service"}
{"level":"info","message":"55.5000, 힙메모리 사이즈","service":"user-service"}
{"level":"info","message":"http://localhost:4000","service":"user-service"}
{"level":"info","message":"55.4727, 힙메모리 사이즈","service":"user-service"}
{"level":"info","message":"http://localhost:4000","service":"user-service"}
{"level":"info","message":"55.6445, 힙메모리 사이즈","service":"user-service"}
{"level":"info","message":"http://localhost:4000","service":"user-service"}
{"level":"info","message":"55.2461, 힙메모리 사이즈","service":"user-service"}
{"level":"info","message":"http://localhost:4000","service":"user-service"}
{"level":"info","message":"55.0352, 힙메모리 사이즈","service":"user-service"}
{"level":"info","message":"http://localhost:4000","service":"user-service"}
{"level":"info","message":"55.2656, 힙메모리 사이즈","service":"user-service"}
{"level":"info","message":"http://localhost:4000","service":"user-service"}
{"level":"info","message":"55.7539, 힙메모리 사이즈","service":"user-service"}
{"level":"info","message":"http://localhost:4000","service":"user-service"}
{"level":"info","message":"55.4063, 힙메모리 사이즈","service":"user-service"}
{"level":"info","message":"http://localhost:4000","service":"user-service"}
{"level":"info","message":"54.6992, 힙메모리 사이즈","service":"user-service"}
{"level":"info","message":"http://localhost:4000","service":"user-service"}
{"level":"info","message":"55.5938, 힙메모리 사이즈","service":"user-service"}
{"level":"info","message":"http://localhost:4000","service":"user-service"}
{"level":"info","message":"55.2344, 힙메모리 사이즈","service":"user-service"}
{"level":"info","message":"http://localhost:4000","service":"user-service"}
{"level":"info","message":"55.3203, 힙메모리 사이즈","service":"user-service"}
{"level":"info","message":"http://localhost:4000","service":"user-service"}
{"level":"info","message":"54.9023, 힙메모리 사이즈","service":"user-service"}
{"level":"info","message":"http://localhost:4000","service":"user-service"}
{"level":"info","message":"55.3477, 힙메모리 사이즈","service":"user-service"}
{"level":"info","message":"http://localhost:4000","service":"user-service"}
{"level":"info","message":"54.7422, 힙메모리 사이즈","service":"user-service"}
{"level":"info","message":"http://localhost:4000","service":"user-service"}
{"level":"info","message":"54.8203, 힙메모리 사이즈","service":"user-service"}
{"level":"info","message":"http://localhost:4000","service":"user-service"}
{"level":"info","message":"55.2578, 힙메모리 사이즈","service":"user-service"}
{"level":"info","message":"http://localhost:4000","service":"user-service"}
{"level":"info","message":"55.0586, 힙메모리 사이즈","service":"user-service"}
{"level":"info","message":"http://localhost:4000","service":"user-service"}
{"level":"info","message":"54.9258, 힙메모리 사이즈","service":"user-service"}
{"level":"info","message":"http://localhost:4000","service":"user-service"}
{"level":"info","message":"55.1992, 힙메모리 사이즈","service":"user-service"}
{"level":"info","message":"http://localhost:4000","service":"user-service"}
{"level":"info","message":"55.4648, 힙메모리 사이즈","service":"user-service"}
{"level":"info","message":"http://localhost:4000","service":"user-service"}
{"level":"info","message":"54.9727, 힙메모리 사이즈","service":"user-service"}
{"level":"info","message":"http://localhost:4000","service":"user-service"}
{"level":"info","message":"55.0039, 힙메모리 사이즈","service":"user-service"}
{"level":"info","message":"http://localhost:4000","service":"user-service"}
{"level":"info","message":"55.3203, 힙메모리 사이즈","service":"user-service"}
{"level":"info","message":"http://localhost:4000","service":"user-service"}
{"level":"info","message":"54.9648, 힙메모리 사이즈","service":"user-service"}
{"level":"info","message":"http://localhost:4000","service":"user-service"}
{"level":"info","message":"54.9492, 힙메모리 사이즈","service":"user-service"}
{"level":"info","message":"http://localhost:4000","service":"user-service"}
{"level":"info","message":"54.9805, 힙메모리 사이즈","service":"user-service"}
{"level":"info","message":"http://localhost:4000","service":"user-service"}
{"level":"info","message":"55.2578, 힙메모리 사이즈","service":"user-service"}
{"level":"info","message":"http://localhost:4000","service":"user-service"}
{"level":"info","message":"55.6406, 힙메모리 사이즈","service":"user-service"}
{"level":"info","message":"http://localhost:4000","service":"user-service"}
{"level":"info","message":"55.2031, 힙메모리 사이즈","service":"user-service"}
{"level":"info","message":"http://localhost:4000","service":"user-service"}
{"level":"info","message":"55.3633, 힙메모리 사이즈","service":"user-service"}
{"level":"info","message":"http://localhost:4000","service":"user-service"}
{"level":"info","message":"55.2656, 힙메모리 사이즈","service":"user-service"}
{"level":"info","message":"http://localhost:4000","service":"user-service"}
{"level":"info","message":"54.9453, 힙메모리 사이즈","service":"user-service"}
{"level":"info","message":"http://localhost:4000","service":"user-service"}
{"level":"info","message":"55.2227, 힙메모리 사이즈","service":"user-service"}
{"level":"info","message":"http://localhost:4000","service":"user-service"}
{"level":"info","message":"55.0508, 힙메모리 사이즈","service":"user-service"}
{"level":"info","message":"http://localhost:4000","service":"user-service"}
{"level":"info","message":"55.3008, 힙메모리 사이즈","service":"user-service"}
{"level":"info","message":"http://localhost:4000","service":"user-service"}
{"level":"info","message":"55.1211, 힙메모리 사이즈","service":"user-service"}
{"level":"info","message":"http://localhost:4000","service":"user-service"}
{"level":"info","message":"54.9805, 힙메모리 사이즈","service":"user-service"}
{"level":"info","message":"http://localhost:4000","service":"user-service"}
{"level":"info","message":"55.1719, 힙메모리 사이즈","service":"user-service"}
{"level":"info","message":"http://localhost:4000","service":"user-service"}
{"level":"info","message":"54.9219, 힙메모리 사이즈","service":"user-service"}
{"level":"info","message":"http://localhost:4000","service":"user-service"}
{"level":"info","message":"55.0977, 힙메모리 사이즈","service":"user-service"}
{"level":"info","message":"http://localhost:4000","service":"user-service"}
{"level":"info","message":"55.2305, 힙메모리 사이즈","service":"user-service"}
{"level":"info","message":"http://localhost:4000","service":"user-service"}
{"level":"info","message":"55.0352, 힙메모리 사이즈","service":"user-service"}
{"level":"info","message":"http://localhost:4000","service":"user-service"}
{"level":"info","message":"54.5547, 힙메모리 사이즈","service":"user-service"}
{"level":"info","message":"http://localhost:4000","service":"user-service"}
{"level":"info","message":"55.2305, 힙메모리 사이즈","service":"user-service"}
{"level":"info","message":"http://localhost:4000","service":"user-service"}
{"level":"info","message":"54.9102, 힙메모리 사이즈","service":"user-service"}
{"level":"info","message":"http://localhost:4000","service":"user-service"}
{"level":"info","message":"55.1875, 힙메모리 사이즈","service":"user-service"}
{"level":"info","message":"http://localhost:4000","service":"user-service"}
{"level":"info","message":"55.2930, 힙메모리 사이즈","service":"user-service"}
{"level":"info","message":"http://localhost:4000","service":"user-service"}
{"level":"info","message":"55.1758, 힙메모리 사이즈","service":"user-service"}
{"level":"info","message":"http://localhost:4000","service":"user-service"}
{"level":"info","message":"55.1523, 힙메모리 사이즈","service":"user-service"}
{"level":"info","message":"http://localhost:4000","service":"user-service"}
{"level":"info","message":"55.0469, 힙메모리 사이즈","service":"user-service"}
{"level":"info","message":"http://localhost:4000","service":"user-service"}
{"level":"info","message":"55.0156, 힙메모리 사이즈","service":"user-service"}
{"level":"info","message":"http://localhost:4000","service":"user-service"}
{"level":"info","message":"54.3125, 힙메모리 사이즈","service":"user-service"}
{"level":"info","message":"http://localhost:4000","service":"user-service"}
{"level":"info","message":"55.2734, 힙메모리 사이즈","service":"user-service"}
{"level":"info","message":"http://localhost:4000","service":"user-service"}
{"level":"info","message":"54.7891, 힙메모리 사이즈","service":"user-service"}
{"level":"info","message":"http://localhost:4000","service":"user-service"}
{"level":"info","message":"55.3984, 힙메모리 사이즈","service":"user-service"}
{"level":"info","message":"http://localhost:4000","service":"user-service"}
{"level":"info","message":"56.2305, 힙메모리 사이즈","service":"user-service"}
{"level":"info","message":"http://localhost:4000","service":"user-service"}
{"level":"info","message":"55.0313, 힙메모리 사이즈","service":"user-service"}
{"level":"info","message":"http://localhost:4000","service":"user-service"}
{"level":"info","message":"55.2773, 힙메모리 사이즈","service":"user-service"}
{"level":"info","message":"http://localhost:4000","service":"user-service"}
{"level":"info","message":"55.6914, 힙메모리 사이즈","service":"user-service"}
{"level":"info","message":"http://localhost:4000","service":"user-service"}
{"level":"info","message":"54.9844, 힙메모리 사이즈","service":"user-service"}
{"level":"info","message":"http://localhost:4000","service":"user-service"}
{"level":"info","message":"55.2188, 힙메모리 사이즈","service":"user-service"}
{"level":"info","message":"http://localhost:4000","service":"user-service"}
{"level":"info","message":"55.3164, 힙메모리 사이즈","service":"user-service"}
{"level":"info","message":"http://localhost:4000","service":"user-service"}
{"level":"info","message":"55.0273, 힙메모리 사이즈","service":"user-service"}
{"level":"info","message":"http://localhost:4000","service":"user-service"}
{"level":"info","message":"55.1680, 힙메모리 사이즈","service":"user-service"}
{"level":"info","message":"http://localhost:4000","service":"user-service"}
{"level":"info","message":"55.1172, 힙메모리 사이즈","service":"user-service"}
{"level":"info","message":"http://localhost:4000","service":"user-service"}
{"level":"info","message":"55.3203, 힙메모리 사이즈","service":"user-service"}
{"level":"info","message":"http://localhost:4000","service":"user-service"}
{"level":"info","message":"54.9141, 힙메모리 사이즈","service":"user-service"}
{"level":"info","message":"http://localhost:4000","service":"user-service"}
{"level":"info","message":"55.0625, 힙메모리 사이즈","service":"user-service"}
{"level":"info","message":"http://localhost:4000","service":"user-service"}
{"level":"info","message":"55.2109, 힙메모리 사이즈","service":"user-service"}
{"level":"info","message":"http://localhost:4000","service":"user-service"}
{"level":"info","message":"54.9453, 힙메모리 사이즈","service":"user-service"}
{"level":"info","message":"http://localhost:4000","service":"user-service"}
{"level":"info","message":"55.1914, 힙메모리 사이즈","service":"user-service"}
{"level":"info","message":"http://localhost:4000","service":"user-service"}
{"level":"info","message":"55.2109, 힙메모리 사이즈","service":"user-service"}
{"level":"info","message":"http://localhost:4000","service":"user-service"}
{"level":"info","message":"55.3086, 힙메모리 사이즈","service":"user-service"}
{"level":"info","message":"http://localhost:4000","service":"user-service"}
{"level":"info","message":"55.0508, 힙메모리 사이즈","service":"user-service"}
{"level":"info","message":"http://localhost:4000","service":"user-service"}
{"level":"info","message":"55.3398, 힙메모리 사이즈","service":"user-service"}
{"level":"info","message":"http://localhost:4000","service":"user-service"}
{"level":"info","message":"55.2969, 힙메모리 사이즈","service":"user-service"}
{"level":"info","message":"http://localhost:4000","service":"user-service"}
{"level":"info","message":"55.5547, 힙메모리 사이즈","service":"user-service"}
{"level":"info","message":"http://localhost:4000","service":"user-service"}
{"level":"info","message":"54.9453, 힙메모리 사이즈","service":"user-service"}
{"level":"info","message":"http://localhost:4000","service":"user-service"}
{"level":"info","message":"55.9414, 힙메모리 사이즈","service":"user-service"}
{"level":"info","message":"http://localhost:4000","service":"user-service"}
{"level":"info","message":"55.5078, 힙메모리 사이즈","service":"user-service"}
{"level":"info","message":"http://localhost:4000","service":"user-service"}
{"level":"info","message":"55.1367, 힙메모리 사이즈","service":"user-service"}
{"level":"info","message":"http://localhost:4000","service":"user-service"}
{"level":"info","message":"55.2305, 힙메모리 사이즈","service":"user-service"}
{"level":"info","message":"http://localhost:4000","service":"user-service"}
{"level":"info","message":"55.6719, 힙메모리 사이즈","service":"user-service"}
{"level":"info","message":"http://localhost:4000","service":"user-service"}
{"level":"info","message":"55.5469, 힙메모리 사이즈","service":"user-service"}
{"level":"info","message":"http://localhost:4000","service":"user-service"}
{"level":"info","message":"54.6680, 힙메모리 사이즈","service":"user-service"}
{"level":"info","message":"http://localhost:4000","service":"user-service"}
{"level":"info","message":"56.1602, 힙메모리 사이즈","service":"user-service"}
{"level":"info","message":"http://localhost:4000","service":"user-service"}
{"level":"info","message":"54.9219, 힙메모리 사이즈","service":"user-service"}
{"level":"info","message":"http://localhost:4000","service":"user-service"}
{"level":"info","message":"55.3594, 힙메모리 사이즈","service":"user-service"}
{"level":"info","message":"http://localhost:4000","service":"user-service"}
{"level":"info","message":"55.3164, 힙메모리 사이즈","service":"user-service"}
{"level":"info","message":"http://localhost:4000","service":"user-service"}
{"level":"info","message":"55.3828, 힙메모리 사이즈","service":"user-service"}
{"level":"info","message":"http://localhost:4000","service":"user-service"}
{"level":"info","message":"54.9805, 힙메모리 사이즈","service":"user-service"}
{"level":"info","message":"http://localhost:4000","service":"user-service"}
{"level":"info","message":"55.6172, 힙메모리 사이즈","service":"user-service"}
{"level":"info","message":"http://localhost:4000","service":"user-service"}
{"level":"info","message":"55.0625, 힙메모리 사이즈","service":"user-service"}
{"level":"info","message":"http://localhost:4000","service":"user-service"}
{"level":"info","message":"54.9023, 힙메모리 사이즈","service":"user-service"}
{"level":"info","message":"http://localhost:4000","service":"user-service"}
{"level":"info","message":"55.0742, 힙메모리 사이즈","service":"user-service"}
{"level":"info","message":"http://localhost:4000","service":"user-service"}
{"level":"info","message":"55.0938, 힙메모리 사이즈","service":"user-service"}
{"level":"info","message":"http://localhost:4000","service":"user-service"}
{"level":"info","message":"55.3398, 힙메모리 사이즈","service":"user-service"}
{"level":"info","message":"http://localhost:4000","service":"user-service"}
{"level":"info","message":"54.6992, 힙메모리 사이즈","service":"user-service"}
{"level":"info","message":"http://localhost:4000","service":"user-service"}
{"level":"info","message":"54.8711, 힙메모리 사이즈","service":"user-service"}
{"level":"info","message":"http://localhost:4000","service":"user-service"}
{"level":"info","message":"54.8125, 힙메모리 사이즈","service":"user-service"}
{"level":"info","message":"http://localhost:4000","service":"user-service"}
{"level":"info","message":"55.7070, 힙메모리 사이즈","service":"user-service"}
{"level":"info","message":"http://localhost:4000","service":"user-service"}
{"level":"info","message":"55.3320, 힙메모리 사이즈","service":"user-service"}
{"level":"info","message":"http://localhost:4000","service":"user-service"}
{"level":"info","message":"55.2070, 힙메모리 사이즈","service":"user-service"}
{"level":"info","message":"http://localhost:4000","service":"user-service"}
{"level":"info","message":"54.5898, 힙메모리 사이즈","service":"user-service"}
{"level":"info","message":"http://localhost:4000","service":"user-service"}
{"level":"info","message":"54.7969, 힙메모리 사이즈","service":"user-service"}
{"level":"info","message":"http://localhost:4000","service":"user-service"}
{"level":"info","message":"55.3516, 힙메모리 사이즈","service":"user-service"}
{"level":"info","message":"http://localhost:4000","service":"user-service"}
{"level":"info","message":"54.9805, 힙메모리 사이즈","service":"user-service"}
{"level":"info","message":"http://localhost:4000","service":"user-service"}
{"level":"info","message":"54.8516, 힙메모리 사이즈","service":"user-service"}
{"level":"info","message":"http://localhost:4000","service":"user-service"}
{"level":"info","message":"54.6914, 힙메모리 사이즈","service":"user-service"}
{"level":"info","message":"http://localhost:4000","service":"user-service"}
{"level":"info","message":"55.4648, 힙메모리 사이즈","service":"user-service"}
{"level":"info","message":"http://localhost:4000","service":"user-service"}
{"level":"info","message":"55.1523, 힙메모리 사이즈","service":"user-service"}
{"level":"info","message":"http://localhost:4000","service":"user-service"}
{"level":"info","message":"55.2109, 힙메모리 사이즈","service":"user-service"}
{"level":"info","message":"http://localhost:4000","service":"user-service"}
{"level":"info","message":"54.8828, 힙메모리 사이즈","service":"user-service"}
{"level":"info","message":"http://localhost:4000","service":"user-service"}
{"level":"info","message":"55.0703, 힙메모리 사이즈","service":"user-service"}
{"level":"info","message":"http://localhost:4000","service":"user-service"}
{"level":"info","message":"55.0781, 힙메모리 사이즈","service":"user-service"}
{"level":"info","message":"55.0039, 힙메모리 사이즈","service":"user-service"}
{"level":"info","message":"http://localhost:4000","service":"user-service"}
{"level":"info","message":"54.9766, 힙메모리 사이즈","service":"user-service"}
{"level":"info","message":"http://localhost:4000","service":"user-service"}
{"level":"info","message":"54.9023, 힙메모리 사이즈","service":"user-service"}
{"level":"info","message":"http://localhost:4000","service":"user-service"}
